Ncmsn	NOUN
Ncmsg	NOUN
Ncmsd	NOUN
Ncmsan	NOUN
Ncmsay	NOUN
Ncmsl	NOUN
Ncmsi	NOUN
Ncmdn	NOUN
Ncmdg	NOUN
Ncmdd	NOUN
Ncmda	NOUN
Ncmdl	NOUN
Ncmdi	NOUN
Ncmpn	NOUN
Ncmpg	NOUN
Ncmpd	NOUN
Ncmpa	NOUN
Ncmpl	NOUN
Ncmpi	NOUN
Ncfsn	NOUN
Ncfsg	NOUN
Ncfsd	NOUN
Ncfsa	NOUN
Ncfsl	NOUN
Ncfsi	NOUN
Ncfdn	NOUN
Ncfdg	NOUN
Ncfdd	NOUN
Ncfda	NOUN
Ncfdl	NOUN
Ncfdi	NOUN
Ncfpn	NOUN
Ncfpg	NOUN
Ncfpd	NOUN
Ncfpa	NOUN
Ncfpl	NOUN
Ncfpi	NOUN
Ncnsn	NOUN
Ncnsg	NOUN
Ncnsd	NOUN
Ncnsa	NOUN
Ncnsl	NOUN
Ncnsi	NOUN
Ncndn	NOUN
Ncndg	NOUN
Ncndd	NOUN
Ncnda	NOUN
Ncndl	NOUN
Ncndi	NOUN
Ncnpn	NOUN
Ncnpg	NOUN
Ncnpd	NOUN
Ncnpa	NOUN
Ncnpl	NOUN
Ncnpi	NOUN
Npmsn	NOUN
Npmsg	NOUN
Npmsd	NOUN
Npmsan	NOUN
Npmsay	NOUN
Npmsl	NOUN
Npmsi	NOUN
Npmdn	NOUN
Npmdg	NOUN
Npmdd	NOUN
Npmda	NOUN
Npmdl	NOUN
Npmdi	NOUN
Npmdn	NOUN
Npmpg	NOUN
Npmpd	NOUN
Npmpa	NOUN
Npmpn	NOUN
Npmpl	NOUN
Npmpi	NOUN
Npfsn	NOUN
Npfsg	NOUN
Npfsd	NOUN
Npfsa	NOUN
Npfsl	NOUN
Npfsi	NOUN
Npfdn	NOUN
Npfdg	NOUN
Npfdd	NOUN
Npfda	NOUN
Npfdl	NOUN
Npfdi	NOUN
Npfpn	NOUN
Npfpg	NOUN
Npfpd	NOUN
Npfpa	NOUN
Npfpl	NOUN
Npfpi	NOUN
Npnsn	NOUN
Npnsg	NOUN
Npnsd	NOUN
Npnsa	NOUN
Npnsl	NOUN
Npnsi	NOUN
Npnpn	NOUN
Npnpg	NOUN
Npnpd	NOUN
Npnpa	NOUN
Npnpl	NOUN
Npnpi	NOUN
Vmen	VERB
Vmeu	VERB
Vmep-sm	VERB
Vmep-sf	VERB
Vmep-sn	VERB
Vmep-pm	VERB
Vmep-pf	VERB
Vmep-pn	VERB
Vmep-dm	VERB
Vmep-df	VERB
Vmep-dn	VERB
Vmer1s	VERB
Vmer1p	VERB
Vmer1d	VERB
Vmer2s	VERB
Vmer2p	VERB
Vmer2d	VERB
Vmer3s	VERB
Vmer3p	VERB
Vmer3d	VERB
Vmem1p	VERB
Vmem1d	VERB
Vmem2s	VERB
Vmem2p	VERB
Vmem2d	VERB
Vmpn	VERB
Vmpu	VERB
Vmpp-sm	VERB
Vmpp-sf	VERB
Vmpp-sn	VERB
Vmpp-pm	VERB
Vmpp-pf	VERB
Vmpp-pn	VERB
Vmpp-dm	VERB
Vmpp-df	VERB
Vmpp-dn	VERB
Vmpr1s	VERB
Vmpr1s-n	VERB
Vmpr1s-y	VERB
Vmpr1p	VERB
Vmpr1p-n	VERB
Vmpr1p-y	VERB
Vmpr1d	VERB
Vmpr1d-n	VERB
Vmpr1d-y	VERB
Vmpr2s	VERB
Vmpr2s-n	VERB
Vmpr2s-y	VERB
Vmpr2p	VERB
Vmpr2p-n	VERB
Vmpr2p-y	VERB
Vmpr2d	VERB
Vmpr2d-n	VERB
Vmpr2d-y	VERB
Vmpr3s	VERB
Vmpr3s-n	VERB
Vmpr3s-y	VERB
Vmpr3p	VERB
Vmpr3p-n	VERB
Vmpr3p-y	VERB
Vmpr3d	VERB
Vmpr3d-n	VERB
Vmpr3d-y	VERB
Vmpm1p	VERB
Vmpm1d	VERB
Vmpm2s	VERB
Vmpm2p	VERB
Vmpm2d	VERB
Vmbn	VERB
Vmbu	VERB
Vmbp-sm	VERB
Vmbp-sf	VERB
Vmbp-sn	VERB
Vmbp-pm	VERB
Vmbp-pf	VERB
Vmbp-pn	VERB
Vmbp-dm	VERB
Vmbp-df	VERB
Vmbp-dn	VERB
Vmbr1s	VERB
Vmbr1p	VERB
Vmbr1d	VERB
Vmbr1df	VERB
Vmbr2s	VERB
Vmbr2p	VERB
Vmbr2d	VERB
Vmbr3s	VERB
Vmbr3p	VERB
Vmbr3d	VERB
Vmbf1s	VERB
Vmbf1p	VERB
Vmbf1d	VERB
Vmbf2s	VERB
Vmbf2p	VERB
Vmbf2d	VERB
Vmbf3s	VERB
Vmbf3p	VERB
Vmbf3d	VERB
Vmbm1p	VERB
Vmbm1d	VERB
Vmbm2s	VERB
Vmbm2p	VERB
Vmbm2d	VERB
Va-n	VERB
Va-u	VERB
Va-p-sm	VERB
Va-p-sf	VERB
Va-p-sn	VERB
Va-p-pm	VERB
Va-p-pf	VERB
Va-p-pn	VERB
Va-p-dm	VERB
Va-p-df	VERB
Va-p-dn	VERB
Va-r1s-n	VERB
Va-r1s-y	VERB
Va-r1p-n	VERB
Va-r1p-y	VERB
Va-r1d-n	VERB
Va-r1d-y	VERB
Va-r1dfn	VERB
Va-r2s-n	VERB
Va-r2s-y	VERB
Va-r2p-n	VERB
Va-r2p-y	VERB
Va-r2d-n	VERB
Va-r2d-y	VERB
Va-r3s-n	VERB
Va-r3s-y	VERB
Va-r3p-n	VERB
Va-r3p-y	VERB
Va-r3d-n	VERB
Va-r3d-y	VERB
Va-f1s-n	VERB
Va-f1s-y	VERB
Va-f1p-n	VERB
Va-f1p-y	VERB
Va-f1d	VERB
Va-f1d-n	VERB
Va-f1d-y	VERB
Va-f2s-n	VERB
Va-f2s-y	VERB
Va-f2p-n	VERB
Va-f2p-y	VERB
Va-f2d-n	VERB
Va-f2d-y	VERB
Va-f3s-n	VERB
Va-f3s-y	VERB
Va-f3p-n	VERB
Va-f3p-y	VERB
Va-f3d-n	VERB
Va-c	VERB
Va-c---y	VERB
Va-m1p	VERB
Va-m1d	VERB
Va-m2s	VERB
Va-m2p	VERB
Va-m2d	VERB
Agpmsnn	ADJ
Agpmsny	ADJ
Agpmsg	ADJ
Agpmsd	ADJ
Agpmsa	ADJ
Agpmsan	ADJ
Agpmsay	ADJ
Agpmsl	ADJ
Agpmsi	ADJ
Agpmdn	ADJ
Agpmdd	ADJ
Agpmda	ADJ
Agpmdg	ADJ
Agcfpg	ADJ
Agpmdl	ADJ
Agpmdi	ADJ
Agpmpg	ADJ
Appmdd	ADJ
Agpmpd	ADJ
Agpmpa	ADJ
Agpmpl	ADJ
Agpmpi	ADJ
Agpfsn	ADJ
Agpfsg	ADJ
Agpfsd	ADJ
Agpfsa	ADJ
Agpfsl	ADJ
Agpfsi	ADJ
Agpfdn	ADJ
Agpfdg	ADJ
Agpfdd	ADJ
Agpfda	ADJ
Agpfdl	ADJ
Agpfdi	ADJ
Agpfpn	ADJ
Agpfpg	ADJ
Agpfpd	ADJ
Agpfpa	ADJ
Agpfpl	ADJ
Agpfpi	ADJ
Agpnsn	ADJ
Agpnsg	ADJ
Agpnsd	ADJ
Agpnsa	ADJ
Agpnsl	ADJ
Agpnsi	ADJ
Agpndn	ADJ
Agpndg	ADJ
Agpndd	ADJ
Agpnda	ADJ
Agpndl	ADJ
Agpndi	ADJ
Agpnpn	ADJ
Agpnpg	ADJ
Agpnpd	ADJ
Agpnpa	ADJ
Agpnpl	ADJ
Agpnpi	ADJ
Agcmsny	ADJ
Agcmsg	ADJ
Agcmsd	ADJ
Agcmsa	ADJ
Agcmsay	ADJ
Agcmsl	ADJ
Agcmsi	ADJ
Agcmdn	ADJ
Agcmdg	ADJ
Agcmdd	ADJ
Agcmda	ADJ
Agcmdl	ADJ
Agcmdi	ADJ
Agcmpn	ADJ
Agcmpg	ADJ
Agcmpd	ADJ
Agcmpa	ADJ
Agcmpl	ADJ
Agcmpi	ADJ
Agcfsn	ADJ
Agcfsg	ADJ
Agcfsd	ADJ
Agcfsa	ADJ
Agcfsl	ADJ
Agcfsi	ADJ
Agcfdn	ADJ
Agpmpn	ADJ
Agcfdg	ADJ
Agcfdd	ADJ
Agcfda	ADJ
Agcfdl	ADJ
Agcfdi	ADJ
Agcfpn	ADJ
Agcpfg	ADJ
Agcfpd	ADJ
Agcfpa	ADJ
Agcfpl	ADJ
Agcfpi	ADJ
Agcnsn	ADJ
Agcnsg	ADJ
Agcnsd	ADJ
Agcnsa	ADJ
Agcnsl	ADJ
Agcnsi	ADJ
Agcndn	ADJ
Agcndg	ADJ
Agcndd	ADJ
Agcnda	ADJ
Agcndl	ADJ
Agcndi	ADJ
Agcnpn	ADJ
Agcnpg	ADJ
Agcnpd	ADJ
Agcnpa	ADJ
Agcnpl	ADJ
Agcnpi	ADJ
Agsmsny	ADJ
Agsmsg	ADJ
Agsmsd	ADJ
Agsmsa	ADJ
Agsmsay	ADJ
Agsmsl	ADJ
Agsmsi	ADJ
Agsmdn	ADJ
Agsmdg	ADJ
Agsmdd	ADJ
Agsmda	ADJ
Agsmdl	ADJ
Agsmdi	ADJ
Agsmpn	ADJ
Agsmpg	ADJ
Agsmpd	ADJ
Agsmpa	ADJ
Agsmpl	ADJ
Agsmpi	ADJ
Agsfsn	ADJ
Agsfsg	ADJ
Agsfsd	ADJ
Agsfsa	ADJ
Agsfsl	ADJ
Agsfsi	ADJ
Agsfdn	ADJ
Agsfdg	ADJ
Agsfdd	ADJ
Agsfda	ADJ
Agsfdl	ADJ
Agsfdi	ADJ
Agsfpn	ADJ
Agsfpg	ADJ
Agsfpd	ADJ
Agsfpa	ADJ
Agsfpl	ADJ
Agsfpi	ADJ
Agsnsn	ADJ
Agsnsg	ADJ
Agsnsd	ADJ
Agsnsa	ADJ
Agsnsl	ADJ
Agsnsi	ADJ
Agsndn	ADJ
Agsndg	ADJ
Agsndd	ADJ
Agsnda	ADJ
Agsndl	ADJ
Agsndi	ADJ
Agsnpn	ADJ
Agsnpg	ADJ
Agsnpd	ADJ
Agsnpa	ADJ
Agsnpl	ADJ
Agsnpi	ADJ
Aspmsnn	ADJ
Aspmsg	ADJ
Aspmsd	ADJ
Aspmsa	ADJ
Aspmsan	ADJ
Aspmsl	ADJ
Aspmsi	ADJ
Aspmdn	ADJ
Aspmdg	ADJ
Aspmdd	ADJ
Aspmda	ADJ
Aspmdl	ADJ
Aspmdi	ADJ
Aspmpn	ADJ
Aspmpg	ADJ
Aspmpd	ADJ
Aspmpa	ADJ
Aspmpl	ADJ
Aspmpi	ADJ
Aspfsn	ADJ
Aspfsg	ADJ
Aspfsd	ADJ
Aspfsa	ADJ
Aspfsl	ADJ
Aspfsi	ADJ
Aspfdn	ADJ
Aspfdg	ADJ
Aspfdd	ADJ
Aspfda	ADJ
Aspfdl	ADJ
Aspfdi	ADJ
Aspfpn	ADJ
Aspfpg	ADJ
Aspfpd	ADJ
Aspfpa	ADJ
Aspfpl	ADJ
Aspfpi	ADJ
Aspnsn	ADJ
Aspnsg	ADJ
Aspnsd	ADJ
Aspnsa	ADJ
Aspnsl	ADJ
Aspnsi	ADJ
Aspndn	ADJ
Aspndg	ADJ
Aspndd	ADJ
Aspnda	ADJ
Aspndl	ADJ
Aspndi	ADJ
Aspnpn	ADJ
Aspnpg	ADJ
Aspnpd	ADJ
Aspnpa	ADJ
Aspnpl	ADJ
Aspnpi	ADJ
Appmsnn	ADJ
Appmsny	ADJ
Appmsg	ADJ
Appmsd	ADJ
Appmsa	ADJ
Appmsan	ADJ
Appmsay	ADJ
Appmsl	ADJ
Appmsi	ADJ
Appmdn	ADJ
Appmdg	ADJ
Append	ADJ
Appmda	ADJ
Appmdl	ADJ
Appmdi	ADJ
Appmpn	ADJ
Appmpg	ADJ
Appmpd	ADJ
Appmpa	ADJ
Appmpl	ADJ
Appmpi	ADJ
Appfsn	ADJ
Appfsg	ADJ
Appfsd	ADJ
Appfsa	ADJ
Appfsl	ADJ
Appfsi	ADJ
Appfdn	ADJ
Appfdg	ADJ
Appfdd	ADJ
Appfda	ADJ
Appfdl	ADJ
Appfdi	ADJ
Appfpn	ADJ
Appfpg	ADJ
Appfpd	ADJ
Appfpa	ADJ
Appfpl	ADJ
Appfpi	ADJ
Appnsn	ADJ
Appnsg	ADJ
Appnsd	ADJ
Appnsa	ADJ
Appnsl	ADJ
Appnsi	ADJ
Appndn	ADJ
Appndg	ADJ
Appndd	ADJ
Appnda	ADJ
Appndl	ADJ
Appndi	ADJ
Appnpn	ADJ
Appnpg	ADJ
Appnpd	ADJ
Appnpa	ADJ
Appnpl	ADJ
Appnpi	ADJ
Rgp	ADV
Rgc	ADV
Rgs	ADV
Rr	ADV
Pp1-sn	PRON
Pp1-sg	PRON
Pp1-sg--y	PRON
Pp1-sa--b	PRON
Pp1-sd	PRON
Pp1-sd--y	PRON
Pp1-sa	PRON
Pp1-sa--y	PRON
Pp1-sg--b	PRON
Pp1-sl	PRON
Pp1-si	PRON
Pp1-dg	PRON
Pp1-dd	PRON
Pp1-da	PRON
Pp1-dl	PRON
Pp1-di	PRON
Pp1-pg	PRON
Pp1-pd	PRON
Pp1-pa	PRON
Pp1-pl	PRON
Pp1-pi	PRON
Pp1mdn	PRON
Pp1mpn	PRON
Pp1fdn	PRON
Pp1fpn	PRON
Pp1ndn	PRON
Pp1npn	PRON
Pp2-sn	PRON
Pp2-sg	PRON
Pp2-sg--y	PRON
Pp2-sd	PRON
Pp2-sd--y	PRON
Pp2-sa	PRON
Pp2-sa--y	PRON
Pp2-sa--b	PRON
Pp2-sl	PRON
Pp2-si	PRON
Pp2-dg	PRON
Pp2-dd	PRON
Pp2-da	PRON
Pp2-dl	PRON
Pp2-di	PRON
Pp2-pg	PRON
Pp2-pd	PRON
Pp2-pa	PRON
Pp2-pl	PRON
Pp2-pi	PRON
Pp2mdn	PRON
Pp2mpn	PRON
Pp2fdn	PRON
Pp2fpn	PRON
Pp2ndn	PRON
Pp2npn	PRON
Pp3msn	PRON
Pp3msg	PRON
Pp3msg--y	PRON
Pp3msd	PRON
Pp3msd--y	PRON
Pp3msa	PRON
Pp3msa--y	PRON
Pp3msa--b	PRON
Pp3msl	PRON
Pp3msi	PRON
Pp3mdn	PRON
Pp3mdg	PRON
Pp3mdg--y	PRON
Pp3mdd	PRON
Pp3mdd--y	PRON
Pp3mda	PRON
Pp3mda--y	PRON
Pp3mda--b	PRON
Pp3mdl	PRON
Pp3mdi	PRON
Pp3mpn	PRON
Pp3mpg	PRON
Pp3mpg--y	PRON
Pp3mpd	PRON
Pp3mpd--y	PRON
Pp3mpa	PRON
Pp3mpa--y	PRON
Pp3mpa--b	PRON
Pp3mpl	PRON
Pp3mpi	PRON
Pp3fsn	PRON
Pp3fsg	PRON
Pp3fsg--y	PRON
Pp3fsd	PRON
Pp3fsd--y	PRON
Pp3fsa	PRON
Pp3fsa--y	PRON
Pp3fsa--b	PRON
Pp3fsl	PRON
Pp3fsi	PRON
Pp3fdn	PRON
Pp3fdg	PRON
Pp3fdg--y	PRON
Pp3fdd	PRON
Pp3fdd--y	PRON
Pp3fda	PRON
Pp3fda--y	PRON
Pp3fda--b	PRON
Pp3fdl	PRON
Pp3fdi	PRON
Pp3fpn	PRON
Pp3fpg	PRON
Pp3fpg--y	PRON
Pp3fpd	PRON
Pp3fpd--y	PRON
Pp3fpa	PRON
Pp3fpa--y	PRON
Pp3fpa--b	PRON
Pp3fpl	PRON
Pp3fpi	PRON
Pp3nsn	PRON
Pp3nsg	PRON
Pp3nsg--y	PRON
Pp3nsd	PRON
Pp3nsd--y	PRON
Pp3nsa	PRON
Pp3nsa--y	PRON
Pp3nsa--b	PRON
Pp3nsl	PRON
Pp3nsi	PRON
Pp3ndn	PRON
Pp3ndg	PRON
Pp3ndg--y	PRON
Pp3ndd	PRON
Pp3ndd--y	PRON
Pp3nda	PRON
Pp3nda--y	PRON
Pp3nda--b	PRON
Pp3ndl	PRON
Pp3ndi	PRON
Pp3npn	PRON
Pp3npg	PRON
Pp3npg--y	PRON
Pp3npd	PRON
Pp3npd--y	PRON
Pp3npa	PRON
Pp3npa--y	PRON
Pp3npa--b	PRON
Pp3npl	PRON
Pp3npi	PRON
Ps1msns	PRON
Ps1msnd	PRON
Ps1msnp	PRON
Ps1msgs	PRON
Ps1msgd	PRON
Ps1msgp	PRON
Ps1msds	PRON
Ps1msdd	PRON
Ps1msdp	PRON
Ps1msas	PRON
Ps1msad	PRON
Ps1msap	PRON
Ps1msls	PRON
Ps1msld	PRON
Ps1mslp	PRON
Ps1msis	PRON
Ps1msid	PRON
Ps1msip	PRON
Ps1mdns	PRON
Ps1mdnd	PRON
Ps1mdnp	PRON
Ps1mdgs	PRON
Ps1mdgd	PRON
Ps1mdgp	PRON
Ps1mdds	PRON
Ps1mddd	PRON
Ps1mddp	PRON
Ps1mdas	PRON
Ps1mdad	PRON
Ps1mdap	PRON
Ps1mdls	PRON
Ps1mdld	PRON
Ps1mdlp	PRON
Ps1mdis	PRON
Ps1mdid	PRON
Ps1mdip	PRON
Ps1mpns	PRON
Ps1mpnd	PRON
Ps1mpnp	PRON
Ps1mpgs	PRON
Ps1mpgd	PRON
Ps1mpgp	PRON
Ps1mpds	PRON
Ps1mpdd	PRON
Ps1mpdp	PRON
Ps1mpas	PRON
Ps1mpad	PRON
Ps1mpap	PRON
Ps1mpls	PRON
Ps1mpld	PRON
Ps1mplp	PRON
Ps1mpis	PRON
Ps1mpid	PRON
Ps1mpip	PRON
Ps1fsns	PRON
Ps1fsnd	PRON
Ps1fsnp	PRON
Ps1fsgs	PRON
Ps1fsgd	PRON
Ps1fsgp	PRON
Ps1fsds	PRON
Ps1fsdd	PRON
Ps1fsdp	PRON
Ps1fsas	PRON
Ps1fsad	PRON
Ps1fsap	PRON
Ps1fsls	PRON
Ps1fsld	PRON
Ps1fslp	PRON
Ps1fsis	PRON
Ps1fsid	PRON
Ps1fsip	PRON
Ps1npas	PRON
Ps1fdns	PRON
Ps1fdnd	PRON
Ps1fdnp	PRON
Ps1fdgs	PRON
Ps1fdgd	PRON
Ps1fdgp	PRON
Ps1fdds	PRON
Ps1fddd	PRON
Ps1fddp	PRON
Ps1fdas	PRON
Ps1fdad	PRON
Ps1fdap	PRON
Ps1fdls	PRON
Ps1fdld	PRON
Ps1fdlp	PRON
Ps1fdis	PRON
Ps1fdid	PRON
Ps1fdip	PRON
Ps1fpns	PRON
Ps1fpnd	PRON
Ps1fpnp	PRON
Ps1fpgs	PRON
Ps1fpgd	PRON
Ps1fpgp	PRON
Ps1fpds	PRON
Ps1fpdd	PRON
Ps1fpdp	PRON
Ps1fpas	PRON
Ps1fpad	PRON
Ps1fpap	PRON
Ps1fpls	PRON
Ps1fpld	PRON
Ps1fplp	PRON
Ps1fpis	PRON
Ps1fpid	PRON
Ps1fpip	PRON
Ps1nsns	PRON
Ps1nsnd	PRON
Ps1nsnp	PRON
Ps1nsgs	PRON
Ps1nsgd	PRON
Ps1nsgp	PRON
Ps1nsds	PRON
Ps1nsdd	PRON
Ps1nsdp	PRON
Ps1nsas	PRON
Ps1nsad	PRON
Ps1nsap	PRON
Ps1nsls	PRON
Ps1nsld	PRON
Ps1nslp	PRON
Ps1nsis	PRON
Ps1nsid	PRON
Ps1nsip	PRON
Ps1ndns	PRON
Ps1ndnd	PRON
Ps1ndnp	PRON
Ps1ndgs	PRON
Ps1ndgd	PRON
Ps1ndgp	PRON
Ps1ndds	PRON
Ps1nddd	PRON
Ps1nddp	PRON
Ps1ndas	PRON
Ps1ndad	PRON
Ps1ndap	PRON
Ps1ndls	PRON
Ps1ndld	PRON
Ps1ndlp	PRON
Ps1ndis	PRON
Ps1ndid	PRON
Ps1ndip	PRON
Ps1npns	PRON
Ps1npnd	PRON
Ps1npnp	PRON
Ps1npgs	PRON
Ps1npgd	PRON
Ps1npgp	PRON
Ps1npds	PRON
Ps1npdd	PRON
Ps1npdp	PRON
Ps1npdp	PRON
Ps1npad	PRON
Ps1npap	PRON
Ps1npls	PRON
Ps1npld	PRON
Ps1nplp	PRON
Ps1npis	PRON
Ps1npid	PRON
Ps1npip	PRON
Ps2msns	PRON
Ps2msnd	PRON
Ps2msnp	PRON
Ps2msgs	PRON
Ps2msgd	PRON
Ps2msgp	PRON
Ps2msds	PRON
Ps2msdd	PRON
Ps2msdp	PRON
Ps2msas	PRON
Ps2msad	PRON
Ps2msap	PRON
Ps2msls	PRON
Ps2msld	PRON
Ps2mslp	PRON
Ps2msis	PRON
Ps2msid	PRON
Ps2msip	PRON
Ps2mdns	PRON
Ps2mdnd	PRON
Ps2mdnp	PRON
Ps2mdgs	PRON
Ps2mdgs	PRON
Ps2mdgp	PRON
Ps2mdds	PRON
Ps2mddd	PRON
Ps2mddp	PRON
Ps2mdas	PRON
Ps2mdad	PRON
Ps2mdap	PRON
Ps2mdls	PRON
Ps2mdld	PRON
Ps2mdld	PRON
Ps2mdis	PRON
Ps2mdid	PRON
Ps2mdid	PRON
Ps2mpns	PRON
Ps2mpnd	PRON
Ps2mpnp	PRON
Ps2mpgs	PRON
Ps2mpgd	PRON
Ps2mpgp	PRON
Ps2mpds	PRON
Ps2mpdd	PRON
Ps2mpdp	PRON
Ps2mpas	PRON
Ps2mpad	PRON
Ps2mpap	PRON
Ps2mpls	PRON
Ps2mpld	PRON
Ps2mplp	PRON
Ps2mpis	PRON
Ps2mpid	PRON
Ps2mpip	PRON
Ps2fsns	PRON
Ps2fsnd	PRON
Ps2fsnp	PRON
Ps2fsgs	PRON
Ps2fsgd	PRON
Ps2fsgp	PRON
Ps2fsds	PRON
Ps2fsdd	PRON
Ps2fsdp	PRON
Ps2fsas	PRON
Ps2fsad	PRON
Ps2fsap	PRON
Ps2fsls	PRON
Ps2fsld	PRON
Ps2fslp	PRON
Ps2fsis	PRON
Ps2fsid	PRON
Ps2fsip	PRON
Ps2fdns	PRON
Ps2fdnd	PRON
Ps2fdnp	PRON
Ps2fdgs	PRON
Ps2fdgd	PRON
Ps2fdgp	PRON
Ps2fdds	PRON
Ps2fddd	PRON
Ps2fddp	PRON
Ps2fdas	PRON
Ps2fdad	PRON
Ps2fdap	PRON
Ps2fdls	PRON
Ps2fdld	PRON
Ps2fdlp	PRON
Ps2fdis	PRON
Ps2fdid	PRON
Ps2fdip	PRON
Ps2fpns	PRON
Ps2fpnd	PRON
Ps2fpnp	PRON
Ps2fpgs	PRON
Ps2fpgd	PRON
Ps2fpgp	PRON
Ps2fpds	PRON
Ps2fpdd	PRON
Ps2fpdp	PRON
Ps2fpas	PRON
Ps2fpad	PRON
Ps2fpap	PRON
Ps2fpls	PRON
Ps2fpld	PRON
Ps2fplp	PRON
Ps2fpis	PRON
Ps2fpid	PRON
Ps2fpip	PRON
Ps2nsns	PRON
Ps2nsnd	PRON
Ps2nsnp	PRON
Ps2nsgs	PRON
Ps2nsgd	PRON
Ps2nsgp	PRON
Ps2nsds	PRON
Ps2nsdd	PRON
Ps2nsdp	PRON
Ps2nsas	PRON
Ps2nsad	PRON
Ps2nsap	PRON
Ps2nsls	PRON
Ps2nsld	PRON
Ps2nslp	PRON
Ps2nsis	PRON
Ps2nsid	PRON
Ps2nsip	PRON
Ps2ndns	PRON
Ps2ndnd	PRON
Ps2ndnp	PRON
Ps2ndgs	PRON
Ps2ndgd	PRON
Ps2ndgp	PRON
Ps2ndds	PRON
Ps2nddd	PRON
Ps2nddp	PRON
Ps2ndas	PRON
Ps2ndad	PRON
Ps2ndap	PRON
Ps2ndls	PRON
Ps2ndld	PRON
Ps2ndlp	PRON
Ps2ndis	PRON
Ps2ndid	PRON
Ps2ndip	PRON
Ps2npns	PRON
Ps2npnd	PRON
Ps2npnp	PRON
Ps2npgs	PRON
Ps2npgd	PRON
Ps2npgp	PRON
Ps2npds	PRON
Ps2npdd	PRON
Ps2npdp	PRON
Ps2npas	PRON
Ps2npad	PRON
Ps2npap	PRON
Ps2npls	PRON
Ps2npld	PRON
Ps2nplp	PRON
Ps2npis	PRON
Ps2npid	PRON
Ps2npip	PRON
Ps3msnsm	PRON
Ps3msnsf	PRON
Ps3msnsn	PRON
Ps3msnd	PRON
Ps3msnp	PRON
Ps3msgsm	PRON
Ps3msgsf	PRON
Ps3msgsn	PRON
Ps3msgd	PRON
Ps3msgp	PRON
Ps3msdsm	PRON
Ps3msdsf	PRON
Ps3msdsn	PRON
Ps3msdd	PRON
Ps3msdp	PRON
Ps3msasm	PRON
Ps3msasf	PRON
Ps3msasn	PRON
Ps3msad	PRON
Ps3msap	PRON
Ps3mslsm	PRON
Ps3mslsf	PRON
Ps3mslsn	PRON
Ps3msld	PRON
Ps3mslp	PRON
Ps3msism	PRON
Ps3msisf	PRON
Ps3msisn	PRON
Ps3msid	PRON
Ps3msip	PRON
Ps3mdnsm	PRON
Ps3mdnsf	PRON
Ps3mdnsn	PRON
Ps3mdnd	PRON
Ps3mdnp	PRON
Ps3mdgsm	PRON
Ps3mdgsf	PRON
Ps3mdgsn	PRON
Ps3mdgd	PRON
Ps3mdgp	PRON
Ps3mddsm	PRON
Ps3mddsf	PRON
Ps3mddsn	PRON
Ps3mddd	PRON
Ps3mddp	PRON
Ps3mdasm	PRON
Ps3mdasf	PRON
Ps3mdasn	PRON
Ps3mdad	PRON
Ps3mdap	PRON
Ps3mdlsm	PRON
Ps3mdlsf	PRON
Ps3mdlsn	PRON
Ps3mdld	PRON
Ps3mdlp	PRON
Ps3mdism	PRON
Ps3mdisf	PRON
Ps3mdisn	PRON
Ps3mdid	PRON
Ps3mdip	PRON
Ps3mpnsm	PRON
Ps3mpnsf	PRON
Ps3mpnsn	PRON
Ps3mpnd	PRON
Ps3mpnp	PRON
Ps3mpgsm	PRON
Ps3mpgsf	PRON
Ps3mpgsn	PRON
Ps3mpgd	PRON
Ps3mpgp	PRON
Ps3mpdsm	PRON
Ps3mpdsf	PRON
Ps3mpdsn	PRON
Ps3mpdd	PRON
Ps3mpdp	PRON
Ps3mpasm	PRON
Ps3mpasf	PRON
Ps3mpasn	PRON
Ps3mpad	PRON
Ps3mpap	PRON
Ps3mplsm	PRON
Ps3mplsf	PRON
Ps3mplsn	PRON
Ps3mpld	PRON
Ps3mplp	PRON
Ps3mpism	PRON
Ps3mpisf	PRON
Ps3mpisn	PRON
Ps3mpid	PRON
Ps3mpip	PRON
Ps3fsnsm	PRON
Ps3fsnsf	PRON
Ps3fsnsn	PRON
Ps3fsnd	PRON
Ps3fsnp	PRON
Ps3fsgsm	PRON
Ps3fsgsf	PRON
Ps3fsgsn	PRON
Ps3fsgd	PRON
Ps3fsgp	PRON
Ps3fsdsm	PRON
Ps3fsdsf	PRON
Ps3fsdsn	PRON
Ps3fsdd	PRON
Ps3fsdp	PRON
Ps3fsasm	PRON
Ps3fsasf	PRON
Ps3fsasn	PRON
Ps3fsad	PRON
Ps3fsap	PRON
Ps3fslsm	PRON
Ps3fslsf	PRON
Ps3fslsn	PRON
Ps3fsld	PRON
Ps3fslp	PRON
Ps3fsism	PRON
Ps3fsisf	PRON
Ps3fsisn	PRON
Ps3fsid	PRON
Ps3fsip	PRON
Ps3fdnsm	PRON
Ps3fdnsf	PRON
Ps3fdnsn	PRON
Ps3fdnd	PRON
Ps3fdnp	PRON
Ps3fdgsm	PRON
Ps3fdgsf	PRON
Ps3fdgsn	PRON
Ps3fdgd	PRON
Ps3fdgp	PRON
Ps3fddsm	PRON
Ps3fddsf	PRON
Ps3fddsn	PRON
Ps3fddd	PRON
Ps3fddp	PRON
Ps3fdasm	PRON
Ps3fdasf	PRON
Ps3fdasn	PRON
Ps3fdad	PRON
Ps3fdap	PRON
Ps3fdlsm	PRON
Ps3fdlsf	PRON
Ps3fdlsn	PRON
Ps3fdld	PRON
Ps3fdlp	PRON
Ps3fdism	PRON
Ps3fdisf	PRON
Ps3fdisn	PRON
Ps3fdid	PRON
Ps3fdip	PRON
Ps3fpnsm	PRON
Ps3fpnsf	PRON
Ps3fpnsn	PRON
Ps3fpnd	PRON
Ps3fpnp	PRON
Ps3fpgsm	PRON
Ps3fpgsf	PRON
Ps3fpgsn	PRON
Ps3fpgd	PRON
Ps3fpgp	PRON
Ps3fpdsm	PRON
Ps3fpdsf	PRON
Ps3fpdsn	PRON
Ps3fpdd	PRON
Ps3fpdp	PRON
Ps3fpasm	PRON
Ps3fpasf	PRON
Ps3fpasn	PRON
Ps3fpad	PRON
Ps3fpap	PRON
Ps3fplsm	PRON
Ps3fplsf	PRON
Ps3fplsn	PRON
Ps3fpld	PRON
Ps3fplp	PRON
Ps3fpism	PRON
Ps3fpisf	PRON
Ps3fpisn	PRON
Ps3fpid	PRON
Ps3fpip	PRON
Ps3nsnsm	PRON
Ps3nsnsf	PRON
Ps3nsnsn	PRON
Ps3nsnd	PRON
Ps3nsnp	PRON
Ps3nsgsm	PRON
Ps3nsgsf	PRON
Ps3nsgsn	PRON
Ps3nsgd	PRON
Ps3nsgp	PRON
Ps3nsdsm	PRON
Ps3nsdsf	PRON
Ps3nsdsn	PRON
Ps3nsdd	PRON
Ps3nsdp	PRON
Ps3nsasm	PRON
Ps3nsasf	PRON
Ps3nsasn	PRON
Ps3nsad	PRON
Ps3nsap	PRON
Ps3nslsm	PRON
Ps3nslsf	PRON
Ps3nslsn	PRON
Ps3nsld	PRON
Ps3nslp	PRON
Ps3nsism	PRON
Ps3nsisf	PRON
Ps3nsisn	PRON
Ps3nsid	PRON
Ps3nsip	PRON
Ps3ndnsm	PRON
Ps3ndnsf	PRON
Ps3ndnsn	PRON
Ps3ndnd	PRON
Ps3ndnp	PRON
Ps3ndgsm	PRON
Ps3ndgsf	PRON
Ps3ndgsn	PRON
Ps3ndgd	PRON
Ps3ndgp	PRON
Ps3nddsm	PRON
Ps3nddsf	PRON
Ps3nddsn	PRON
Ps3nddd	PRON
Ps3nddp	PRON
Ps3ndasm	PRON
Ps3ndasf	PRON
Ps3ndasn	PRON
Ps3ndad	PRON
Ps3ndap	PRON
Ps3ndlsm	PRON
Ps3ndlsf	PRON
Ps3ndlsn	PRON
Ps3ndld	PRON
Ps3ndlp	PRON
Ps3ndism	PRON
Ps3ndisf	PRON
Ps3ndisn	PRON
Ps3ndid	PRON
Ps3ndip	PRON
Ps3npnsm	PRON
Ps3npnsf	PRON
Ps3npnsn	PRON
Ps3npnd	PRON
Ps3npnp	PRON
Ps3npgsm	PRON
Ps3npgsf	PRON
Ps3npgsn	PRON
Ps3npgd	PRON
Ps3npgp	PRON
Ps3npdsm	PRON
Ps3npdsf	PRON
Ps3npdsn	PRON
Ps3npdd	PRON
Ps3npdp	PRON
Ps3npasm	PRON
Ps3npasf	PRON
Ps3npasn	PRON
Ps3npad	PRON
Ps3npap	PRON
Ps3nplsm	PRON
Ps3nplsf	PRON
Ps3nplsn	PRON
Ps3npld	PRON
Ps3nplp	PRON
Ps3npism	PRON
Ps3npisf	PRON
Ps3npisn	PRON
Ps3npid	PRON
Ps3npip	PRON
Pd-msn	PRON
Pd-msg	PRON
Pd-msd	PRON
Pd-msa	PRON
Pd-msl	PRON
Pd-msi	PRON
Pd-mdn	PRON
Pd-mdg	PRON
Pd-mdd	PRON
Pd-mda	PRON
Pd-mdl	PRON
Pd-mdi	PRON
Pd-mpn	PRON
Pd-mpg	PRON
Pd-mpd	PRON
Pd-mpa	PRON
Pd-mpl	PRON
Pd-mpi	PRON
Pd-fsn	PRON
Pd-fsg	PRON
Pd-fsd	PRON
Pd-fsa	PRON
Pd-fsl	PRON
Pd-fsi	PRON
Pd-fdn	PRON
Pd-fdg	PRON
Pd-fdd	PRON
Pd-fda	PRON
Pd-fdl	PRON
Pd-fdi	PRON
Pd-fpn	PRON
Pd-fpg	PRON
Pd-fpd	PRON
Pd-fpa	PRON
Pd-fpl	PRON
Pd-fpi	PRON
Pd-nsn	PRON
Pd-nsg	PRON
Pd-nsd	PRON
Pd-nsa	PRON
Pd-nsl	PRON
Pd-nsi	PRON
Pd-ndn	PRON
Pd-ndg	PRON
Pd-ndd	PRON
Pd-nda	PRON
Pd-ndl	PRON
Pd-ndi	PRON
Pd-npn	PRON
Pd-npg	PRON
Pd-npd	PRON
Pd-npa	PRON
Pd-npl	PRON
Pd-npi	PRON
Pr	PRON
Pr----sm	PRON
Pr-msn	PRON
Pr-msg	PRON
Pr-msd	PRON
Pr-msa	PRON
Pr-msl	PRON
Pr-msi	PRON
Pr-mdn	PRON
Pr-mdg	PRON
Pr-mdd	PRON
Pr-mda	PRON
Pr-mdl	PRON
Pr-mdi	PRON
Pr-mpn	PRON
Pr-mpg	PRON
Pr-mpd	PRON
Pr-mpa	PRON
Pr-mpl	PRON
Pr-mpi	PRON
Pr-fsn	PRON
Pr-fsg	PRON
Pr-fsd	PRON
Pr-fsa	PRON
Pr-fsl	PRON
Pr-fsi	PRON
Pr-fdn	PRON
Pr-fdg	PRON
Pr-fdd	PRON
Pr-fda	PRON
Pr-fdl	PRON
Pr-fdi	PRON
Pr-fpn	PRON
Pr-fpg	PRON
Pr-fpd	PRON
Pr-fpa	PRON
Pr-fpl	PRON
Pr-fpi	PRON
Pr-nsn	PRON
Pr-nsg	PRON
Pr-nsd	PRON
Pr-nsa	PRON
Pr-nsl	PRON
Pr-nsi	PRON
Pr-ndn	PRON
Pr-ndg	PRON
Pr-ndd	PRON
Pr-nda	PRON
Pr-ndl	PRON
Pr-ndi	PRON
Pr-npn	PRON
Pr-npg	PRON
Pr-npd	PRON
Pr-npa	PRON
Pr-npl	PRON
Pr-npi	PRON
Px------y	PRON
Px---g	PRON
Px---d	PRON
Px---d--y	PRON
Px---a	PRON
Px---a--b	PRON
Px---l	PRON
Px---i	PRON
Px-msn	PRON
Px-msg	PRON
Px-msd	PRON
Px-msa	PRON
Px-msl	PRON
Px-msi	PRON
Px-mdn	PRON
Px-mdg	PRON
Px-mdd	PRON
Px-mda	PRON
Px-mdl	PRON
Px-mdi	PRON
Px-mpn	PRON
Px-mpg	PRON
Px-mpd	PRON
Px-mpa	PRON
Px-mpl	PRON
Px-mpi	PRON
Px-fsn	PRON
Px-fsg	PRON
Px-fsd	PRON
Px-fsa	PRON
Px-fsl	PRON
Px-fsi	PRON
Px-fdn	PRON
Px-fdg	PRON
Px-fdd	PRON
Px-fda	PRON
Px-fdl	PRON
Px-fdi	PRON
Px-fpn	PRON
Px-fpg	PRON
Px-fpd	PRON
Px-fpa	PRON
Px-fpl	PRON
Px-fpi	PRON
Px-nsn	PRON
Px-nsg	PRON
Px-nsd	PRON
Px-nsa	PRON
Px-nsl	PRON
Px-nsi	PRON
Px-ndn	PRON
Px-ndg	PRON
Px-ndd	PRON
Px-nda	PRON
Px-ndl	PRON
Px-ndi	PRON
Px-npn	PRON
Px-npg	PRON
Px-npd	PRON
Px-npa	PRON
Px-npl	PRON
Px-npi	PRON
Pg-msn	PRON
Pg-msg	PRON
Pg-msd	PRON
Pg-msa	PRON
Pg-msl	PRON
Pg-msi	PRON
Pg-mdn	PRON
Pg-mdg	PRON
Pg-mdd	PRON
Pg-mda	PRON
Pg-mdl	PRON
Pg-mdi	PRON
Pg-mpn	PRON
Pg-mpg	PRON
Pg-mpd	PRON
Pg-mpa	PRON
Pg-mpl	PRON
Pg-mpi	PRON
Pg-fsn	PRON
Pg-fsg	PRON
Pg-fsd	PRON
Pg-fsa	PRON
Pg-fsl	PRON
Pg-fsi	PRON
Pg-fdn	PRON
Pg-fdg	PRON
Pg-fdd	PRON
Pg-fda	PRON
Pg-fdl	PRON
Pg-fdi	PRON
Pg-fpn	PRON
Pg-fpg	PRON
Pg-fpd	PRON
Pg-fpa	PRON
Pg-fpl	PRON
Pg-fpi	PRON
Pg-nsn	PRON
Pg-nsg	PRON
Pg-nsd	PRON
Pg-nsa	PRON
Pg-nsl	PRON
Pg-nsi	PRON
Pg-ndn	PRON
Pg-ndg	PRON
Pg-ndd	PRON
Pg-nda	PRON
Pg-ndl	PRON
Pg-ndi	PRON
Pg-npn	PRON
Pg-npg	PRON
Pg-npd	PRON
Pg-npa	PRON
Pg-npl	PRON
Pg-npi	PRON
Pq----sm	PRON
Pq----sf	PRON
Pq----sn	PRON
Pq----d	PRON
Pq----p	PRON
Pq-msn	PRON
Pq-msg	PRON
Pq-msd	PRON
Pq-msa	PRON
Pq-msl	PRON
Pq-msi	PRON
Pq-mdn	PRON
Pq-mdg	PRON
Pq-mdd	PRON
Pq-mda	PRON
Pq-mdl	PRON
Pq-mdi	PRON
Pq-mpn	PRON
Pq-mpg	PRON
Pq-mpd	PRON
Pq-mpa	PRON
Pq-mpl	PRON
Pq-mpi	PRON
Pq-fsn	PRON
Pq-fsg	PRON
Pq-fsd	PRON
Pq-fsa	PRON
Pq-fsl	PRON
Pq-fsi	PRON
Pq-fdn	PRON
Pq-fdg	PRON
Pq-fdd	PRON
Pq-fda	PRON
Pq-fdl	PRON
Pq-fdi	PRON
Pq-fpn	PRON
Pq-fpg	PRON
Pq-fpd	PRON
Pq-fpa	PRON
Pq-fpl	PRON
Pq-fpi	PRON
Pq-nsn	PRON
Pq-nsg	PRON
Pq-nsd	PRON
Pq-nsa	PRON
Pq-nsl	PRON
Pq-nsi	PRON
Pq-ndn	PRON
Pq-ndg	PRON
Pq-ndd	PRON
Pq-nda	PRON
Pq-ndl	PRON
Pq-ndi	PRON
Pq-npn	PRON
Pq-npg	PRON
Pq-npd	PRON
Pq-npa	PRON
Pq-npl	PRON
Pq-npi	PRON
Pi-msn	PRON
Pi-msg	PRON
Pi-msd	PRON
Pi-msa	PRON
Pi-msl	PRON
Pi-msi	PRON
Pi-mdn	PRON
Pi-mdg	PRON
Pi-mdd	PRON
Pi-mda	PRON
Pi-mdl	PRON
Pi-mdi	PRON
Pi-mpn	PRON
Pi-mpg	PRON
Pi-mpd	PRON
Pi-mpa	PRON
Pi-mpl	PRON
Pi-mpi	PRON
Pi-fsn	PRON
Pi-fsg	PRON
Pi-fsd	PRON
Pi-fsa	PRON
Pi-fsl	PRON
Pi-fsi	PRON
Pi-fdn	PRON
Pi-fdg	PRON
Pi-fdd	PRON
Pi-fda	PRON
Pi-fdl	PRON
Pi-fdi	PRON
Pi-fpn	PRON
Pi-fpg	PRON
Pi-fpd	PRON
Pi-fpa	PRON
Pi-fpl	PRON
Pi-fpi	PRON
Pi-nsn	PRON
Pi-nsg	PRON
Pi-nsd	PRON
Pi-nsa	PRON
Pi-nsl	PRON
Pi-nsi	PRON
Pi-ndn	PRON
Pi-ndg	PRON
Pi-ndd	PRON
Pi-nda	PRON
Pi-ndl	PRON
Pi-ndi	PRON
Pi-npn	PRON
Pi-npg	PRON
Pi-npd	PRON
Pi-npa	PRON
Pi-npl	PRON
Pi-npi	PRON
Pz-msn	PRON
Pz-msg	PRON
Pz-msd	PRON
Pz-msa	PRON
Pz-msl	PRON
Pz-msi	PRON
Pz-mdn	PRON
Pz-mdg	PRON
Pz-mdd	PRON
Pz-mda	PRON
Pz-mdl	PRON
Pz-mdi	PRON
Pz-mpn	PRON
Pz-mpg	PRON
Pz-mpd	PRON
Pz-mpa	PRON
Pz-mpl	PRON
Pz-mpi	PRON
Pz-fsn	PRON
Pz-fsg	PRON
Pz-fsd	PRON
Pz-fsa	PRON
Pz-fsl	PRON
Pz-fsi	PRON
Pz-fdn	PRON
Pz-fdg	PRON
Pz-fdd	PRON
Pz-fda	PRON
Pz-fdl	PRON
Pz-fdi	PRON
Pz-fpn	PRON
Pz-fpg	PRON
Pz-fpd	PRON
Pz-fpa	PRON
Pz-fpl	PRON
Pz-fpi	PRON
Pz-nsn	PRON
Pz-nsg	PRON
Pz-nsd	PRON
Pz-nsa	PRON
Pz-nsl	PRON
Pz-nsi	PRON
Pz-ndn	PRON
Pz-ndg	PRON
Pz-ndd	PRON
Pz-nda	PRON
Pz-ndl	PRON
Pz-ndi	PRON
Pz-npn	PRON
Pz-npg	PRON
Pz-npd	PRON
Pz-npa	PRON
Pz-npl	PRON
Pz-npi	PRON
Mdc	NUM
Mdo	NUM
Mrc	NUM
Mro	NUM
Mlc-pn	NUM
Mlc-pg	NUM
Mlc-pd	NUM
Mlc-pa	NUM
Mlc-pl	NUM
Mlc-pi	NUM
Mlcmdn	NUM
Mlcmdg	NUM
Mlcmdd	NUM
Mlcmda	NUM
Mlcmdl	NUM
Mlcmdi	NUM
Mlcmpn	NUM
Mlcmpg	NUM
Mlcmpd	NUM
Mlcmpa	NUM
Mlcmpl	NUM
Mlcmpi	NUM
Mlcfdn	NUM
Mlcfdg	NUM
Mlcfdd	NUM
Mlcfda	NUM
Mlcfdl	NUM
Mlcfdi	NUM
Mlcfpn	NUM
Mlcfpg	NUM
Mlcfpd	NUM
Mlcfpa	NUM
Mlcfpl	NUM
Mlcfpi	NUM
Mlcndn	NUM
Mlcndg	NUM
Mlcndd	NUM
Mlcnda	NUM
Mlcndl	NUM
Mlcndi	NUM
Mlcnpn	NUM
Mlcnpg	NUM
Mlcnpd	NUM
Mlcnpa	NUM
Mlcnpl	NUM
Mlcnpi	NUM
Mlomsn	NUM
Mlomsg	NUM
Mlomsd	NUM
Mlomsa	NUM
Mlomsl	NUM
Mlomsi	NUM
Mlomdn	NUM
Mlomdg	NUM
Mlomdd	NUM
Mlomda	NUM
Mlomdl	NUM
Mlomdi	NUM
Mlompn	NUM
Mlompg	NUM
Mlompd	NUM
Mlompa	NUM
Mlompl	NUM
Mlompi	NUM
Mlofsn	NUM
Mlofsg	NUM
Mlofsd	NUM
Mlofsa	NUM
Mlofsl	NUM
Mlofsi	NUM
Mlofdn	NUM
Mlofdg	NUM
Mlofdd	NUM
Mlofda	NUM
Mlofdl	NUM
Mlofdi	NUM
Mlofpn	NUM
Mlofpg	NUM
Mlofpd	NUM
Mlofpa	NUM
Mlofpl	NUM
Mlofpi	NUM
Mlonsn	NUM
Mlonsg	NUM
Mlonsd	NUM
Mlonsa	NUM
Mlonsl	NUM
Mlonsi	NUM
Mlondn	NUM
Mlondg	NUM
Mlondd	NUM
Mlonda	NUM
Mlondl	NUM
Mlondi	NUM
Mlonpn	NUM
Mlonpg	NUM
Mlonpd	NUM
Mlonpa	NUM
Mlonpl	NUM
Mlonpi	NUM
Mlpmsn	NUM
Mlpmsnn	NUM
Mlpmsny	NUM
Mlpmsg	NUM
Mlpmsd	NUM
Mlpmsa	NUM
Mlpmsan	NUM
Mlpmsay	NUM
Mlpmsl	NUM
Mlpmsi	NUM
Mlpmdn	NUM
Mlpmdg	NUM
Mlpmdd	NUM
Mlpmda	NUM
Mlpmdl	NUM
Mlpmdi	NUM
Mlpmpn	NUM
Mlpmpg	NUM
Mlpmpd	NUM
Mlpmpa	NUM
Mlpmpl	NUM
Mlpmpi	NUM
Mlpfsn	NUM
Mlpfsg	NUM
Mlpfsd	NUM
Mlpfsa	NUM
Mlpfsl	NUM
Mlpfsi	NUM
Mlpfdn	NUM
Mlpfdg	NUM
Mlpfdd	NUM
Mlpfda	NUM
Mlpfdl	NUM
Mlpfdi	NUM
Mlpfpn	NUM
Mlpfpg	NUM
Mlpfpd	NUM
Mlpfpa	NUM
Mlpfpl	NUM
Mlpfpi	NUM
Mlpnsn	NUM
Mlpnsg	NUM
Mlpnsd	NUM
Mlpnsa	NUM
Mlpnsl	NUM
Mlpnsi	NUM
Mlpndn	NUM
Mlpndg	NUM
Mlpndd	NUM
Mlpnda	NUM
Mlpndl	NUM
Mlpndi	NUM
Mlpnpn	NUM
Mlpnpg	NUM
Mlpnpd	NUM
Mlpnpa	NUM
Mlpnpl	NUM
Mlpnpi	NUM
Mlsmsnn	NUM
Mlsmsny	NUM
Mlsmsg	NUM
Mlsmsd	NUM
Mlsmsa	NUM
Mlsmsan	NUM
Mlsmsay	NUM
Mlsmsl	NUM
Mlsmsi	NUM
Mlsmdn	NUM
Mlsmdg	NUM
Mlsmdd	NUM
Mlsmda	NUM
Mlsmdl	NUM
Mlsmdi	NUM
Mlsmpn	NUM
Mlsmpg	NUM
Mlsmpd	NUM
Mlsmpa	NUM
Mlsmpl	NUM
Mlsmpi	NUM
Mlsfsn	NUM
Mlsfsg	NUM
Mlsfsd	NUM
Mlsfsa	NUM
Mlsfsl	NUM
Mlsfsi	NUM
Mlsfdn	NUM
Mlsfdg	NUM
Mlsfdd	NUM
Mlsfda	NUM
Mlsfdl	NUM
Mlsfdi	NUM
Mlsfpn	NUM
Mlsfpg	NUM
Mlsfpd	NUM
Mlsfpa	NUM
Mlsfpl	NUM
Mlsfpi	NUM
Mlsnsn	NUM
Mlsnsg	NUM
Mlsnsd	NUM
Mlsnsa	NUM
Mlsnsl	NUM
Mlsnsi	NUM
Mlsndn	NUM
Mlsndg	NUM
Mlsndd	NUM
Mlsnda	NUM
Mlsndl	NUM
Mlsndi	NUM
Mlsnpn	NUM
Mlsnpg	NUM
Mlsnpd	NUM
Mlsnpa	NUM
Mlsnpl	NUM
Mlsnpi	NUM
Sn	ADP
Sg	ADP
Sd	ADP
Sa	ADP
Sl	ADP
Si	ADP
Cc	CONJ
Cs	CONJ
Q	PRT
I	X
Y	X
X	X
Xf	X
Xt	X
Xp	X
$:	.
$.	.
$!	.
$(	.
$)	.
$"	.
$$	.
$-	.
$,	.